---
source: tests/formatter_snapshot_test.rs
expression: output
---
┌───────────────────────┬──────────────────────────┐
│ Key                   │ Value                    │
├───────────────────────┼──────────────────────────┤
│ schedule.timezone     │ Asia/Taipei              │
├───────────────────────┼──────────────────────────┤
│ schedule.type         │ 1                        │
├───────────────────────┼──────────────────────────┤
│ sender.email          │ no-reply@newsleopard.com │
├───────────────────────┼──────────────────────────┤
│ sender.name           │ NewsLeopard              │
├───────────────────────┼──────────────────────────┤
│ tracking.clicks       │ true                     │
├───────────────────────┼──────────────────────────┤
│ tracking.opens        │ true                     │
├───────────────────────┼──────────────────────────┤
│ tracking.unsubscribes │ false                    │
└───────────────────────┴──────────────────────────┘
